{
  "Message": "Test (inner)",
  "Exception": "inner"
}
