{
  "CustomerId { Value = 8fc4d93a-aa6c-4fb1-9550-017d64c7dbd9 }": {
    "Id": {
      "Value": "8fc4d93a-aa6c-4fb1-9550-017d64c7dbd9"
    },
    "UserName": "JLib.DataGeneration.Examples.Getting_Started.MinimumCodeNativeIds.CustomerDp.CustomerId"
  }
}
