{
  "CustomerId { Value = 968a719c-514a-4ca3-81b9-44c0c4da35b5 }": {
    "Id": {
      "Value": "968a719c-514a-4ca3-81b9-44c0c4da35b5"
    },
    "UserName": "JLib.DataGeneration.Examples.Getting_Started.MinimumCodeValueTypeIds.CustomerDp.CustomerId"
  }
}
