{
  "CustomerId { Value = 5e384704-f4df-42a3-a062-9c17edca1952 }": {
    "Id": {
      "Value": "5e384704-f4df-42a3-a062-9c17edca1952"
    },
    "UserName": "JLib.DataGeneration.Examples.Getting_Started.UsingTheDefaultNamespace.CustomerDp.CustomerId"
  }
}
