┐1 Types
├ Types:1
│   TypePackageTests.DemoClassA
