┐Testing Assembly {0} {1}
├ Types:3
│   TestAssemblyDemoClassA
│   TestAssemblyDemoClassB
│   TestAssemblyDemoClassC
