{
  "Parameters": {
    "TestName": "RepoRw_ProvR",
    "ExpectedBehavior": [
      "  Provided:                                                                                                           ",
      "    DataProvider         : Read Only                                                                                  ",
      "    Repository           : Read Write                                                                                 ",
      "  Expected Exception:                                                                                                 ",
      "    an exception, which tells the user to provide the data provider as Read Write or not implement IDataProviderRw    "
    ],
    "includedTypes": [
      "JLib.Tests.Reflection.ServiceCollection.AddDataProvider.AddDataProviderTests.TestCommandEntity",
      "JLib.Tests.Reflection.ServiceCollection.AddDataProvider.AddDataProviderTests.TestDataProviderR<>",
      "JLib.Tests.Reflection.ServiceCollection.AddDataProvider.AddDataProviderTests.TestRepositoryRw"
    ]
  },
  "exception": {
    "Type": "JLib.Exceptions.JLibAggregateException",
    "Message": [
      "AddDataProviderTests"
    ],
    "InnerExceptions": [
      {
        "Type": "JLib.Exceptions.JLibAggregateException",
        "Message": [
          "Service Factory"
        ],
        "InnerExceptions": [
          {
            "Type": "JLib.Exceptions.JLibAggregateException",
            "Message": [
              "AddDataProvider"
            ],
            "InnerExceptions": [
              {
                "Type": "JLib.Exceptions.JLibAggregateException",
                "Message": [
                  "AddMapDataProvider failed for valueType CommandEntityType"
                ],
                "InnerExceptions": [
                  {
                    "Type": "JLib.Exceptions.InvalidSetupException",
                    "message": [
                      "The data provider Implementation JLib.Tests.Reflection.ServiceCollection.AddDataProvider.AddDataProviderTests.TestDataProviderR<JLib.Tests.Reflection.ServiceCollection.AddDataProvider.AddDataProviderTests.TestCommandEntity> is read only but the Repository JLib.Tests.Reflection.ServiceCollection.AddDataProvider.AddDataProviderTests.TestRepositoryRw can write data. ",
                      "You can resolve this issue by not implementing IDataProviderRw with the Repository or using a data provider which implements ISourceDataProviderRw"
                    ]
                  }
                ]
              }
            ]
          }
        ]
      }
    ]
  },
  "cache": "disabled",
  "services": "disabled"
}
