{
  "Parameters": {
    "TestName": "RepoRw_ProvFr",
    "ExpectedBehavior": [
      "  Provided:                                                                                                        ",
      "    DataProvider         : Forced ReadOnly                                                                         ",
      "    Repository           : Read Write                                                                              ",
      "  Expected Exception:                                                                                              ",
      "    An exception which tells the user to not provide the DataProvider as ReadOnly and informs that it is forced    "
    ],
    "includedTypes": [
      "JLib.Tests.Reflection.ServiceCollection.AddDataProvider.AddDataProviderTests.TestCommandEntity",
      "JLib.Tests.Reflection.ServiceCollection.AddDataProvider.AddDataProviderTests.TestDataProviderRw<>",
      "JLib.Tests.Reflection.ServiceCollection.AddDataProvider.AddDataProviderTests.TestRepositoryRw"
    ]
  },
  "exception": {
    "Type": "JLib.Exceptions.JLibAggregateException",
    "Message": [
      "AddDataProviderTests"
    ],
    "InnerExceptions": [
      {
        "Type": "JLib.Exceptions.JLibAggregateException",
        "Message": [
          "Service Factory"
        ],
        "InnerExceptions": [
          {
            "Type": "JLib.Exceptions.JLibAggregateException",
            "Message": [
              "AddDataProvider"
            ],
            "InnerExceptions": [
              {
                "Type": "JLib.Exceptions.JLibAggregateException",
                "Message": [
                  "AddMapDataProvider failed for valueType CommandEntityType"
                ],
                "InnerExceptions": [
                  {
                    "Type": "JLib.Exceptions.InvalidSetupException",
                    "message": [
                      "The data provider Implementation JLib.Tests.Reflection.ServiceCollection.AddDataProvider.AddDataProviderTests.TestDataProviderRw<JLib.Tests.Reflection.ServiceCollection.AddDataProvider.AddDataProviderTests.TestCommandEntity> is forced read only but the Repository JLib.Tests.Reflection.ServiceCollection.AddDataProvider.AddDataProviderTests.TestRepositoryRw can write data. ",
                      "Not forcing the DataProvider to be read only or implementing IDataProviderRw will solve this issue"
                    ]
                  }
                ]
              }
            ]
          }
        ]
      }
    ]
  },
  "cache": "disabled",
  "services": "disabled"
}
