{
  "Parameters": {
    "TestName": "NoRepo_ProvInvInt",
    "ExpectedBehavior": [
      "  Provided:                                                                               ",
      "    DataProvider         : Invalid Interfaces                                             ",
      "    Repository           : None                                                           ",
      "  Expected Error:                                                                         ",
      "    An error which tells the user that this combination of interfaces is not supported    "
    ],
    "includedTypes": [
      "JLib.DataProvider.Tests.AddDataProvider.AddDataProviderTests.TestCommandEntity",
      "JLib.DataProvider.Tests.AddDataProvider.AddDataProviderTests.TestInvalidInterfaceDataProvider<>"
    ]
  },
  "exception": {
    "Type": "JLib.Exceptions.JLibAggregateException",
    "MessageLines": [
      "AddDataProviderTests"
    ],
    "InnerExceptions": [
      {
        "Type": "JLib.Exceptions.JLibAggregateException",
        "MessageLines": [
          "Cache setup failed"
        ],
        "InnerExceptions": [
          {
            "Type": "JLib.Exceptions.JLibAggregateException",
            "MessageLines": [
              "JLib.DataProvider.Tests.AddDataProvider.AddDataProviderTests.TestInvalidInterfaceDataProvider<> is not a valid JLib.DataProvider.SourceDataProviderType"
            ],
            "InnerExceptions": [
              {
                "Type": "JLib.Reflection.InvalidTypeException",
                "MessageLines": [
                  "Should implement any JLib.DataProvider.ISourceDataProviderRw<>"
                ],
                "InnerExceptions": []
              }
            ]
          }
        ]
      }
    ]
  },
  "cache": "disabled",
  "services": "disabled"
}
