{
  "CustomerId { Value = 274fa88f-8946-41eb-b302-ade8a94624a5 }": {
    "Id": {
      "Value": "274fa88f-8946-41eb-b302-ade8a94624a5"
    },
    "UserName": "JLib.DataGeneration.Examples.MinimumCodeValueTypeIds.CustomerDp.CustomerId"
  }
}
