{
  "Customers": {
    "CustomerId { Value = f4ad4cc6-fdb0-44b0-93a8-1fa942b23b95 }": {
      "Type": "Customer",
      "Id": {
        "IdGroupName": "CustomerDp:CustomerDpb",
        "IdName": "Customer",
        "Value": "f4ad4cc6-fdb0-44b0-93a8-1fa942b23b95",
        "IdType": "CustomerId"
      },
      "UserName": "Customer"
    }
  },
  "Orders": {
    "OrderId { Value = 5f68535d-13b3-461f-9703-f3ef2715ee75 }": {
      "Type": "Order",
      "Id": {
        "IdGroupName": "CustomerCartDp<CustomerDp>",
        "IdName": "Order",
        "Value": "5f68535d-13b3-461f-9703-f3ef2715ee75",
        "IdType": "OrderId"
      },
      "Customer": {
        "IdGroupName": "CustomerDp:CustomerDpb",
        "IdName": "Customer",
        "Value": "f4ad4cc6-fdb0-44b0-93a8-1fa942b23b95",
        "IdType": "CustomerId"
      },
      "Status": "Cart"
    }
  },
  "OrderItems": {
    "OrderItemId { Value = 4827ce8d-a737-4943-b3c3-39ae88defdcb }": {
      "Id": {
        "IdGroupName": "TwoOrderItemsDp<CustomerCartDp<CustomerDp>>",
        "IdName": "FirstOrderItem",
        "Value": "4827ce8d-a737-4943-b3c3-39ae88defdcb",
        "IdType": "OrderItemId"
      },
      "OrderId": {
        "IdGroupName": "CustomerCartDp<CustomerDp>",
        "IdName": "Order",
        "Value": "5f68535d-13b3-461f-9703-f3ef2715ee75",
        "IdType": "OrderId"
      },
      "ArticleId": {
        "IdGroupName": "ArticleDp",
        "IdName": "FirstArticle",
        "Value": "6301016c-881a-46b8-bcd2-b52719ac2144",
        "IdType": "ArticleId"
      },
      "Quantity": 2,
      "Price": 10.0
    },
    "OrderItemId { Value = 34a5ae49-0b04-44ca-bea7-53573e7bd763 }": {
      "Id": {
        "IdGroupName": "TwoOrderItemsDp<CustomerCartDp<CustomerDp>>",
        "IdName": "SecondOrderItem",
        "Value": "34a5ae49-0b04-44ca-bea7-53573e7bd763",
        "IdType": "OrderItemId"
      },
      "OrderId": {
        "IdGroupName": "CustomerCartDp<CustomerDp>",
        "IdName": "Order",
        "Value": "5f68535d-13b3-461f-9703-f3ef2715ee75",
        "IdType": "OrderId"
      },
      "ArticleId": {
        "IdGroupName": "ArticleDp",
        "IdName": "SecondArticle",
        "Value": "8ad10ab5-350b-4a85-9c4c-ab41907b60ea",
        "IdType": "ArticleId"
      },
      "Quantity": 2,
      "Price": 20.0
    }
  },
  "Articles": {
    "ArticleId { Value = 6301016c-881a-46b8-bcd2-b52719ac2144 }": {
      "Id": {
        "IdGroupName": "ArticleDp",
        "IdName": "FirstArticle",
        "Value": "6301016c-881a-46b8-bcd2-b52719ac2144",
        "IdType": "ArticleId"
      },
      "Name": "FirstArticle",
      "Price": 10.0
    },
    "ArticleId { Value = 8ad10ab5-350b-4a85-9c4c-ab41907b60ea }": {
      "Id": {
        "IdGroupName": "ArticleDp",
        "IdName": "SecondArticle",
        "Value": "8ad10ab5-350b-4a85-9c4c-ab41907b60ea",
        "IdType": "ArticleId"
      },
      "Name": "SecondArticle",
      "Price": 20.2
    },
    "ArticleId { Value = bcb9ac33-ffb3-420c-84a6-c3c02fcabf62 }": {
      "Id": {
        "IdGroupName": "ArticleDp",
        "IdName": "ThirdArticle",
        "Value": "bcb9ac33-ffb3-420c-84a6-c3c02fcabf62",
        "IdType": "ArticleId"
      },
      "Name": "ThirdArticle",
      "Price": 30.0
    },
    "ArticleId { Value = 5d62ffa5-7074-4d8b-ad51-6b9cb53ae9d4 }": {
      "Id": {
        "IdGroupName": "ArticleDp",
        "IdName": "FourthArticle",
        "Value": "5d62ffa5-7074-4d8b-ad51-6b9cb53ae9d4",
        "IdType": "ArticleId"
      },
      "Name": "FourthArticle",
      "Price": 40.4
    }
  },
  "Carts": {
    "CustomerId { Value = f4ad4cc6-fdb0-44b0-93a8-1fa942b23b95 }": {
      "IdGroupName": "CustomerCartDp<CustomerDp>",
      "IdName": "Order",
      "Value": "5f68535d-13b3-461f-9703-f3ef2715ee75",
      "IdType": "OrderId"
    }
  }
}
