{
  "Parameters": {
    "TestName": "NoRepo_ProvR_SelRo",
    "ExpectedBehavior": [
      "  Provided:                                  ",
      "    DataProvider           : Read Only       ",
      "    Repository             : -               ",
      "    ReadOnlySelect         : Ce R, Ce2 Rw    ",
      "  Expected Implementations:                  ",
      "    TestCommandEntity                        ",
      "      IDataProviderR       : DataProvider    ",
      "      IDataProviderRw      : -               ",
      "      ISourceDataProviderR : DataProvider    ",
      "      ISourceDataProviderRw: -               ",
      "    TestCommandEntity2                       ",
      "      IDataProviderR       : DataProvider    ",
      "      IDataProviderRw      : DataProvider    ",
      "      ISourceDataProviderR : DataProvider    ",
      "      ISourceDataProviderRw: DataProvider    "
    ],
    "includedTypes": [
      "JLib.Tests.Reflection.ServiceCollection.AddDataProvider.AddDataProviderTests.TestCommandEntity",
      "JLib.Tests.Reflection.ServiceCollection.AddDataProvider.AddDataProviderTests.TestCommandEntity2",
      "JLib.Tests.Reflection.ServiceCollection.AddDataProvider.AddDataProviderTests.TestDataProviderRw<>"
    ]
  },
  "exception": null,
  "cache": {
    "JLib.Tests.Reflection.ServiceCollection.AddDataProvider": {
      "JLib.Data.CommandEntityType": [
        "JLib.Tests.Reflection.ServiceCollection.AddDataProvider.AddDataProviderTests.TestCommandEntity",
        "JLib.Tests.Reflection.ServiceCollection.AddDataProvider.AddDataProviderTests.TestCommandEntity2"
      ],
      "JLib.Reflection.SourceDataProviderType": [
        "JLib.Tests.Reflection.ServiceCollection.AddDataProvider.AddDataProviderTests.TestDataProviderRw<>"
      ]
    }
  },
  "services": {
    "non-generic": {
      "JLib.Reflection.ITypeCache": [
        {
          "Lifetime": "Singleton",
          "ImplementationSource": "Instance",
          "ServiceType": "JLib.Reflection.ITypeCache",
          "ServiceArguments": [],
          "ImplementationType": "JLib.Reflection.TypeCache",
          "ImplementationTypeArguments": []
        }
      ]
    },
    "JLib.Tests.Reflection.ServiceCollection.AddDataProvider.AddDataProviderTests.TestCommandEntity": {
      "JLib.Tests.Reflection.ServiceCollection.AddDataProvider.AddDataProviderTests.TestDataProviderRw<>": [
        {
          "Lifetime": "Scoped",
          "ImplementationSource": "Type",
          "ServiceType": "JLib.Tests.Reflection.ServiceCollection.AddDataProvider.AddDataProviderTests.TestDataProviderRw<>",
          "ServiceArguments": [
            "JLib.Tests.Reflection.ServiceCollection.AddDataProvider.AddDataProviderTests.TestCommandEntity"
          ],
          "ImplementationType": "JLib.Tests.Reflection.ServiceCollection.AddDataProvider.AddDataProviderTests.TestDataProviderRw<>",
          "ImplementationTypeArguments": [
            "JLib.Tests.Reflection.ServiceCollection.AddDataProvider.AddDataProviderTests.TestCommandEntity"
          ]
        }
      ],
      "JLib.Data.IDataProviderR<>": [
        {
          "Lifetime": "Scoped",
          "ImplementationSource": "Factory",
          "ServiceType": "JLib.Data.IDataProviderR<>",
          "ServiceArguments": [
            "JLib.Tests.Reflection.ServiceCollection.AddDataProvider.AddDataProviderTests.TestCommandEntity"
          ],
          "ImplementationType": "JLib.Tests.Reflection.ServiceCollection.AddDataProvider.AddDataProviderTests.TestDataProviderRw<>",
          "ImplementationTypeArguments": [
            "JLib.Tests.Reflection.ServiceCollection.AddDataProvider.AddDataProviderTests.TestCommandEntity"
          ]
        }
      ],
      "JLib.Data.ISourceDataProviderR<>": [
        {
          "Lifetime": "Scoped",
          "ImplementationSource": "Factory",
          "ServiceType": "JLib.Data.ISourceDataProviderR<>",
          "ServiceArguments": [
            "JLib.Tests.Reflection.ServiceCollection.AddDataProvider.AddDataProviderTests.TestCommandEntity"
          ],
          "ImplementationType": "JLib.Tests.Reflection.ServiceCollection.AddDataProvider.AddDataProviderTests.TestDataProviderRw<>",
          "ImplementationTypeArguments": [
            "JLib.Tests.Reflection.ServiceCollection.AddDataProvider.AddDataProviderTests.TestCommandEntity"
          ]
        }
      ]
    },
    "JLib.Tests.Reflection.ServiceCollection.AddDataProvider.AddDataProviderTests.TestCommandEntity2": {
      "JLib.Tests.Reflection.ServiceCollection.AddDataProvider.AddDataProviderTests.TestDataProviderRw<>": [
        {
          "Lifetime": "Scoped",
          "ImplementationSource": "Type",
          "ServiceType": "JLib.Tests.Reflection.ServiceCollection.AddDataProvider.AddDataProviderTests.TestDataProviderRw<>",
          "ServiceArguments": [
            "JLib.Tests.Reflection.ServiceCollection.AddDataProvider.AddDataProviderTests.TestCommandEntity2"
          ],
          "ImplementationType": "JLib.Tests.Reflection.ServiceCollection.AddDataProvider.AddDataProviderTests.TestDataProviderRw<>",
          "ImplementationTypeArguments": [
            "JLib.Tests.Reflection.ServiceCollection.AddDataProvider.AddDataProviderTests.TestCommandEntity2"
          ]
        }
      ],
      "JLib.Data.IDataProviderR<>": [
        {
          "Lifetime": "Scoped",
          "ImplementationSource": "Factory",
          "ServiceType": "JLib.Data.IDataProviderR<>",
          "ServiceArguments": [
            "JLib.Tests.Reflection.ServiceCollection.AddDataProvider.AddDataProviderTests.TestCommandEntity2"
          ],
          "ImplementationType": "JLib.Tests.Reflection.ServiceCollection.AddDataProvider.AddDataProviderTests.TestDataProviderRw<>",
          "ImplementationTypeArguments": [
            "JLib.Tests.Reflection.ServiceCollection.AddDataProvider.AddDataProviderTests.TestCommandEntity2"
          ]
        }
      ],
      "JLib.Data.IDataProviderRw<>": [
        {
          "Lifetime": "Scoped",
          "ImplementationSource": "Factory",
          "ServiceType": "JLib.Data.IDataProviderRw<>",
          "ServiceArguments": [
            "JLib.Tests.Reflection.ServiceCollection.AddDataProvider.AddDataProviderTests.TestCommandEntity2"
          ],
          "ImplementationType": "JLib.Tests.Reflection.ServiceCollection.AddDataProvider.AddDataProviderTests.TestDataProviderRw<>",
          "ImplementationTypeArguments": [
            "JLib.Tests.Reflection.ServiceCollection.AddDataProvider.AddDataProviderTests.TestCommandEntity2"
          ]
        }
      ],
      "JLib.Data.ISourceDataProviderR<>": [
        {
          "Lifetime": "Scoped",
          "ImplementationSource": "Factory",
          "ServiceType": "JLib.Data.ISourceDataProviderR<>",
          "ServiceArguments": [
            "JLib.Tests.Reflection.ServiceCollection.AddDataProvider.AddDataProviderTests.TestCommandEntity2"
          ],
          "ImplementationType": "JLib.Tests.Reflection.ServiceCollection.AddDataProvider.AddDataProviderTests.TestDataProviderRw<>",
          "ImplementationTypeArguments": [
            "JLib.Tests.Reflection.ServiceCollection.AddDataProvider.AddDataProviderTests.TestCommandEntity2"
          ]
        }
      ],
      "JLib.Data.ISourceDataProviderRw<>": [
        {
          "Lifetime": "Scoped",
          "ImplementationSource": "Factory",
          "ServiceType": "JLib.Data.ISourceDataProviderRw<>",
          "ServiceArguments": [
            "JLib.Tests.Reflection.ServiceCollection.AddDataProvider.AddDataProviderTests.TestCommandEntity2"
          ],
          "ImplementationType": "JLib.Tests.Reflection.ServiceCollection.AddDataProvider.AddDataProviderTests.TestDataProviderRw<>",
          "ImplementationTypeArguments": [
            "JLib.Tests.Reflection.ServiceCollection.AddDataProvider.AddDataProviderTests.TestCommandEntity2"
          ]
        }
      ]
    }
  }
}
