{
  "Parameters": {
    "TestName": "RepoRw_ProvRw",
    "ExpectedBehavior": [
      "  Provided:                                ",
      "    DataProvider         : Read Write      ",
      "    Repository           : Read Write      ",
      "  Expected Implementations:                ",
      "    IDataProviderR       : Repository      ",
      "    IDataProviderRw      : Repository      ",
      "    ISourceDataProviderR : DataProvider    ",
      "    ISourceDataProviderRw: DataProvider    "
    ],
    "includedTypes": [
      "JLib.Tests.Reflection.ServiceCollection.AddDataProvider.AddDataProviderTests.TestCommandEntity",
      "JLib.Tests.Reflection.ServiceCollection.AddDataProvider.AddDataProviderTests.TestDataProviderRw<>",
      "JLib.Tests.Reflection.ServiceCollection.AddDataProvider.AddDataProviderTests.TestRepositoryRw"
    ]
  },
  "exception": null,
  "cache": {
    "JLib.Tests.Reflection.ServiceCollection.AddDataProvider": {
      "JLib.Data.CommandEntityType": [
        "JLib.Tests.Reflection.ServiceCollection.AddDataProvider.AddDataProviderTests.TestCommandEntity"
      ],
      "JLib.Reflection.SourceDataProviderType": [
        "JLib.Tests.Reflection.ServiceCollection.AddDataProvider.AddDataProviderTests.TestDataProviderRw<>"
      ],
      "JLib.Reflection.RepositoryType": [
        "JLib.Tests.Reflection.ServiceCollection.AddDataProvider.AddDataProviderTests.TestRepositoryRw"
      ]
    }
  },
  "services": {
    "non-generic": {
      "JLib.Reflection.ITypeCache": [
        {
          "Lifetime": "Singleton",
          "ImplementationSource": "Instance",
          "ServiceType": "JLib.Reflection.ITypeCache",
          "ServiceArguments": [],
          "ImplementationType": "JLib.Reflection.TypeCache",
          "ImplementationTypeArguments": []
        }
      ],
      "JLib.Tests.Reflection.ServiceCollection.AddDataProvider.AddDataProviderTests.TestRepositoryRw": [
        {
          "Lifetime": "Scoped",
          "ImplementationSource": "Type",
          "ServiceType": "JLib.Tests.Reflection.ServiceCollection.AddDataProvider.AddDataProviderTests.TestRepositoryRw",
          "ServiceArguments": [],
          "ImplementationType": "JLib.Tests.Reflection.ServiceCollection.AddDataProvider.AddDataProviderTests.TestRepositoryRw",
          "ImplementationTypeArguments": []
        }
      ]
    },
    "JLib.Tests.Reflection.ServiceCollection.AddDataProvider.AddDataProviderTests.TestCommandEntity": {
      "JLib.Data.IDataProviderR<>": [
        {
          "Lifetime": "Scoped",
          "ImplementationSource": "Factory",
          "ServiceType": "JLib.Data.IDataProviderR<>",
          "ServiceArguments": [
            "JLib.Tests.Reflection.ServiceCollection.AddDataProvider.AddDataProviderTests.TestCommandEntity"
          ],
          "ImplementationType": "JLib.Tests.Reflection.ServiceCollection.AddDataProvider.AddDataProviderTests.TestRepositoryRw",
          "ImplementationTypeArguments": []
        }
      ],
      "JLib.Data.IDataProviderRw<>": [
        {
          "Lifetime": "Scoped",
          "ImplementationSource": "Factory",
          "ServiceType": "JLib.Data.IDataProviderRw<>",
          "ServiceArguments": [
            "JLib.Tests.Reflection.ServiceCollection.AddDataProvider.AddDataProviderTests.TestCommandEntity"
          ],
          "ImplementationType": "JLib.Tests.Reflection.ServiceCollection.AddDataProvider.AddDataProviderTests.TestRepositoryRw",
          "ImplementationTypeArguments": []
        }
      ],
      "JLib.Tests.Reflection.ServiceCollection.AddDataProvider.AddDataProviderTests.TestDataProviderRw<>": [
        {
          "Lifetime": "Scoped",
          "ImplementationSource": "Type",
          "ServiceType": "JLib.Tests.Reflection.ServiceCollection.AddDataProvider.AddDataProviderTests.TestDataProviderRw<>",
          "ServiceArguments": [
            "JLib.Tests.Reflection.ServiceCollection.AddDataProvider.AddDataProviderTests.TestCommandEntity"
          ],
          "ImplementationType": "JLib.Tests.Reflection.ServiceCollection.AddDataProvider.AddDataProviderTests.TestDataProviderRw<>",
          "ImplementationTypeArguments": [
            "JLib.Tests.Reflection.ServiceCollection.AddDataProvider.AddDataProviderTests.TestCommandEntity"
          ]
        }
      ],
      "JLib.Data.ISourceDataProviderR<>": [
        {
          "Lifetime": "Scoped",
          "ImplementationSource": "Factory",
          "ServiceType": "JLib.Data.ISourceDataProviderR<>",
          "ServiceArguments": [
            "JLib.Tests.Reflection.ServiceCollection.AddDataProvider.AddDataProviderTests.TestCommandEntity"
          ],
          "ImplementationType": "JLib.Tests.Reflection.ServiceCollection.AddDataProvider.AddDataProviderTests.TestDataProviderRw<>",
          "ImplementationTypeArguments": [
            "JLib.Tests.Reflection.ServiceCollection.AddDataProvider.AddDataProviderTests.TestCommandEntity"
          ]
        }
      ],
      "JLib.Data.ISourceDataProviderRw<>": [
        {
          "Lifetime": "Scoped",
          "ImplementationSource": "Factory",
          "ServiceType": "JLib.Data.ISourceDataProviderRw<>",
          "ServiceArguments": [
            "JLib.Tests.Reflection.ServiceCollection.AddDataProvider.AddDataProviderTests.TestCommandEntity"
          ],
          "ImplementationType": "JLib.Tests.Reflection.ServiceCollection.AddDataProvider.AddDataProviderTests.TestDataProviderRw<>",
          "ImplementationTypeArguments": [
            "JLib.Tests.Reflection.ServiceCollection.AddDataProvider.AddDataProviderTests.TestCommandEntity"
          ]
        }
      ]
    }
  }
}
