{
  "Parameters": {
    "TestName": "NoRepo_ProvR",
    "ExpectedBehavior": [
      "  Provided:                                ",
      "    DataProvider         : Read Only       ",
      "    Repository           : -               ",
      "  Expected Implementations:                ",
      "    IDataProviderR       : DataProvider    ",
      "    IDataProviderRw      : -               ",
      "    ISourceDataProviderR : DataProvider    ",
      "    ISourceDataProviderRw: -               "
    ],
    "includedTypes": [
      "JLib.Tests.Reflection.ServiceCollection.AddDataProvider.AddDataProviderTests.TestCommandEntity",
      "JLib.Tests.Reflection.ServiceCollection.AddDataProvider.AddDataProviderTests.TestDataProviderR<>"
    ]
  },
  "exception": null,
  "cache": {
    "JLib.Tests.Reflection.ServiceCollection.AddDataProvider": {
      "JLib.Data.CommandEntityType": [
        "JLib.Tests.Reflection.ServiceCollection.AddDataProvider.AddDataProviderTests.TestCommandEntity"
      ],
      "JLib.Reflection.SourceDataProviderType": [
        "JLib.Tests.Reflection.ServiceCollection.AddDataProvider.AddDataProviderTests.TestDataProviderR<>"
      ]
    }
  },
  "services": {
    "non-generic": {
      "JLib.Reflection.ITypeCache": [
        {
          "Lifetime": "Singleton",
          "ImplementationSource": "Instance",
          "ServiceType": "JLib.Reflection.ITypeCache",
          "ServiceArguments": [],
          "ImplementationType": "JLib.Reflection.TypeCache",
          "ImplementationTypeArguments": []
        }
      ]
    },
    "JLib.Tests.Reflection.ServiceCollection.AddDataProvider.AddDataProviderTests.TestCommandEntity": {
      "JLib.Tests.Reflection.ServiceCollection.AddDataProvider.AddDataProviderTests.TestDataProviderR<>": [
        {
          "Lifetime": "Scoped",
          "ImplementationSource": "Type",
          "ServiceType": "JLib.Tests.Reflection.ServiceCollection.AddDataProvider.AddDataProviderTests.TestDataProviderR<>",
          "ServiceArguments": [
            "JLib.Tests.Reflection.ServiceCollection.AddDataProvider.AddDataProviderTests.TestCommandEntity"
          ],
          "ImplementationType": "JLib.Tests.Reflection.ServiceCollection.AddDataProvider.AddDataProviderTests.TestDataProviderR<>",
          "ImplementationTypeArguments": [
            "JLib.Tests.Reflection.ServiceCollection.AddDataProvider.AddDataProviderTests.TestCommandEntity"
          ]
        }
      ],
      "JLib.Data.IDataProviderR<>": [
        {
          "Lifetime": "Scoped",
          "ImplementationSource": "Factory",
          "ServiceType": "JLib.Data.IDataProviderR<>",
          "ServiceArguments": [
            "JLib.Tests.Reflection.ServiceCollection.AddDataProvider.AddDataProviderTests.TestCommandEntity"
          ],
          "ImplementationType": "JLib.Tests.Reflection.ServiceCollection.AddDataProvider.AddDataProviderTests.TestDataProviderR<>",
          "ImplementationTypeArguments": [
            "JLib.Tests.Reflection.ServiceCollection.AddDataProvider.AddDataProviderTests.TestCommandEntity"
          ]
        }
      ],
      "JLib.Data.ISourceDataProviderR<>": [
        {
          "Lifetime": "Scoped",
          "ImplementationSource": "Factory",
          "ServiceType": "JLib.Data.ISourceDataProviderR<>",
          "ServiceArguments": [
            "JLib.Tests.Reflection.ServiceCollection.AddDataProvider.AddDataProviderTests.TestCommandEntity"
          ],
          "ImplementationType": "JLib.Tests.Reflection.ServiceCollection.AddDataProvider.AddDataProviderTests.TestDataProviderR<>",
          "ImplementationTypeArguments": [
            "JLib.Tests.Reflection.ServiceCollection.AddDataProvider.AddDataProviderTests.TestCommandEntity"
          ]
        }
      ]
    }
  }
}
