{
  "Parameters": {
    "TestName": "NoRepo_ProvIrw",
    "ExpectedBehavior": [
      "  Provided:                                                                             ",
      "    DataProvider         : Invalid ReadWrite                                            ",
      "    Repository           : -                                                            ",
      "  Expected Exception:                                                                   ",
      "    An exception which tells the user to implement the SourceDataProvider Interfaces    "
    ],
    "includedTypes": [
      "JLib.Tests.Reflection.ServiceCollection.AddDataProvider.AddDataProviderTests.TestCommandEntity",
      "JLib.Tests.Reflection.ServiceCollection.AddDataProvider.AddDataProviderTests.TestInvalidDataProviderRw<>"
    ]
  },
  "exception": {
    "Type": "JLib.Exceptions.JLibAggregateException",
    "Message": [
      "AddDataProviderTests"
    ],
    "InnerExceptions": [
      {
        "Type": "JLib.Exceptions.JLibAggregateException",
        "Message": [
          "Cache setup failed"
        ],
        "InnerExceptions": [
          {
            "Type": "JLib.Exceptions.JLibAggregateException",
            "Message": [
              "Type validation failed"
            ],
            "InnerExceptions": [
              {
                "Type": "JLib.Exceptions.InvalidTypeException",
                "message": [
                  "Error while initializing SourceDataProviderType with JLib.Tests.Reflection.ServiceCollection.AddDataProvider.AddDataProviderTests.TestInvalidDataProviderRw<>: Should implement any JLib.Data.ISourceDataProviderRw<>"
                ]
              }
            ]
          }
        ]
      }
    ]
  },
  "cache": "disabled",
  "services": "disabled"
}
