{
  "Parameters": {
    "TestName": "NoRepo_ProvInvInt",
    "ExpectedBehavior": [
      "  Provided:                                                                               ",
      "    DataProvider         : Invalid Interfaces                                             ",
      "    Repository           : None                                                           ",
      "  Expected Error:                                                                         ",
      "    An error which tells the user that this combination of interfaces is not supported    "
    ],
    "includedTypes": [
      "JLib.Tests.Reflection.ServiceCollection.AddDataProvider.AddDataProviderTests.TestCommandEntity",
      "JLib.Tests.Reflection.ServiceCollection.AddDataProvider.AddDataProviderTests.TestInvalidInterfaceDataProvider<>"
    ]
  },
  "exception": {
    "Type": "JLib.Exceptions.JLibAggregateException",
    "Message": [
      "AddDataProviderTests"
    ],
    "InnerExceptions": [
      {
        "Type": "JLib.Exceptions.JLibAggregateException",
        "Message": [
          "Cache setup failed"
        ],
        "InnerExceptions": [
          {
            "Type": "JLib.Exceptions.JLibAggregateException",
            "Message": [
              "Type validation failed"
            ],
            "InnerExceptions": [
              {
                "Type": "JLib.Exceptions.InvalidTypeException",
                "message": [
                  "Error while initializing SourceDataProviderType with JLib.Tests.Reflection.ServiceCollection.AddDataProvider.AddDataProviderTests.TestInvalidInterfaceDataProvider<>: Should implement any JLib.Data.ISourceDataProviderRw<>"
                ]
              }
            ]
          }
        ]
      }
    ]
  },
  "cache": "disabled",
  "services": "disabled"
}
