┐2 Assemblies and 0 types
├ Types:0
├ Types Total:6
├ Children:
  ┐JLib.Tests.Reflection.DemoAssembly, Version=0.0.0.0, Culture=neutral, PublicKeyToken=null
  ├ Types:3
  │   TestAssemblyDemoClassA
  │   TestAssemblyDemoClassB
  │   TestAssemblyDemoClassC
  ├ Types Total:3
  ├ Children:
  ┐JLib.Tests.Reflection.DemoAssembly2, Version=0.0.0.0, Culture=neutral, PublicKeyToken=null
  ├ Types:3
  │   TestAssembly2DemoClassA
  │   TestAssembly2DemoClassB
  │   TestAssembly2DemoClassC
  ├ Types Total:3
  ├ Children:
