┐Testing Assembly 0 3
├ Types:3
│   TestAssemblyDemoClassA
│   TestAssemblyDemoClassB
│   TestAssemblyDemoClassC
├ Types Total:3
├ Children:
