┐1 Types
├ Types:1
│   TypePackageTests.DemoClassA
├ Types Total:1
├ Children:
