┐0 Assemblies and 3 types
├ Types:3
│   TypePackageTests.DemoClassA
│   TypePackageTests.DemoClassB
│   TypePackageTests.DemoClassC
├ Types Total:3
├ Children:
