┐3 Types
├ Types:3
│   TypePackageTests.DemoClassA
│   TypePackageTests.DemoClassB
│   TypePackageTests.DemoClassC
├ Types Total:3
├ Children:
