[
  "ee1c14a4-c1eb-4410-be4d-59e246a89ebe",
  "7fa85fea-f2a3-4e34-8962-c63e7937d61f"
]
