[
  "ee1c14a4-c1eb-4410-be4d-59e246a89ebe",
  "9987f44e-4a70-4b21-aa9e-22a0a1c9e36e"
]
